Removed Pin From Net: NetName=GND Pin=C_IR5-1
Removed Pin From Net: NetName=V33 Pin=C_IR5-2
Removed Pin From Net: NetName=V33 Pin=C_IR6-1
Removed Pin From Net: NetName=GND Pin=C_IR6-2
Removed Pin From Net: NetName=V33 Pin=DS4-1
Removed Pin From Net: NetName=LF_EM Pin=Q1-1
Removed Pin From Net: NetName=RF_EM Pin=Q3-1
Removed Pin From Net: NetName=GND Pin=Q3-3
Removed Pin From Net: NetName=GND Pin=R9-2
Removed Pin From Net: NetName=LF_EM Pin=R_IR1-2
Removed Pin From Net: NetName=RF_EM Pin=R_IR3-1
Removed Pin From Net: NetName=GND Pin=R_IR3-2
Change Component Footprint: Designator=R_IR3 Old Footprint=RESC2013X60X35NL10T20 New Footprint=RESC2013X50X30NL20T20
Change Component Comment : Designator=R_IR3 Old Comment=47k New Comment=10
Change Component Designator: OldDesignator=R_IR? NewDesignator=R_IR6
Change Managed Component Library Link : Designator=R_IR3 Old VaultGUID=B7D15EC3-160A-466F-A46C-7801FE6295A7 New VaultGUID=B7D15EC3-160A-466F-A46C-7801FE6295A7 Old ItemGUID=F60048A3-D561-484D-B156-4DCD9BBF6D49 New ItemGUID=E1182316-C5FE-4351-AB9B-3952923B7685 Old RevisionGUID=58C2A00D-8321-4E64-814A-C3FF86DDDFC4 New RevisionGUID=83EFE520-2DE2-417E-96FA-2048E34F6767
Change component parameters: Designator = "R_IR3" ("R_IR3"); Footprint = "RESC2013X60X35NL10T20"; UniqueID = "\JFISALGL" ("\JFISALGL")
Change component parameters (AddParameter): Name = "Manufacturer"; Value = "Vishay Dale"; VariantName = "[No Variations]"
Change component parameters (AddParameter): Name = "Part Number"; Value = "CRCW080510R0FKEA"; VariantName = "[No Variations]"
Add component: Footprint Not Found CGX-G502DC
Add Pin To Net: Unknown Pin: Pin DS?-1
Add Pin To Net: Unknown Pin: Pin DS?-2
Added Pin To Net: NetName=V33 Pin=Q1-2
Added Pin To Net: NetName=V33 Pin=R_IR3-1
Added Pin To Net: NetName=V33 Pin=R_IR3-2
Added Pin To Net: NetName=V33 Pin=R_IR4-1
Added Pin To Net: NetName=F_EM Pin=Q1-1
Added Pin To Net: NetName=F_EM Pin=R_IR1-2
Added Net: Name=F_EM
