Removed Pin From Net: NetName=V33 Pin=C_GYRO_1-1
Removed Pin From Net: NetName=GND Pin=C_GYRO_1-2
Removed Pin From Net: NetName=GND Pin=C_GYRO_2-2
Removed Pin From Net: NetName=VDD33ST Pin=P4-3
Removed Pin From Net: NetName=SDA Pin=R14-1
Removed Pin From Net: NetName=V33 Pin=R14-2
Removed Pin From Net: NetName=SCL Pin=R15-1
Removed Pin From Net: NetName=V33 Pin=R15-2
Removed Pin From Net: NetName=GND Pin=R_GYRO_1-2
Removed Pin From Net: NetName=V33 Pin=U4-1
Removed Pin From Net: NetName=SCL Pin=U4-2
Removed Pin From Net: NetName=SDA Pin=U4-3
Removed Pin From Net: NetName=GND Pin=U4-4
Removed Pin From Net: NetName=V33 Pin=U4-5
Removed Pin From Net: NetName=IRP MPU Pin=U4-7
Removed Pin From Net: NetName=GND Pin=U4-8
Removed Pin From Net: NetName=GND Pin=U4-9
Removed Pin From Net: NetName=GND Pin=U4-10
Removed Pin From Net: NetName=GND Pin=U4-11
Removed Pin From Net: NetName=GND Pin=U4-12
Removed Pin From Net: NetName=GND Pin=U4-13
Removed Pin From Net: NetName=V33 Pin=U4-15
Removed Pin From Net: NetName=V33 Pin=U4-16
Added Component: Designator=J3(SAMTEC_TSW-104-06-L-S)
Add component (AddParameter): Name = "Availability"; Value = "Unavailable"; VariantName = "[No Variations]"
Add component (AddParameter): Name = "Component Type"; Value = "Standard"; VariantName = "[No Variations]"
Add component (AddParameter): Name = "Design Item ID"; Value = "TSW-104-06-L-S"; VariantName = "[No Variations]"
Add component (AddParameter): Name = "MP"; Value = "TSW-104-06-L-S"; VariantName = "[No Variations]"
Add component (AddParameter): Name = "Package"; Value = "None"; VariantName = "[No Variations]"
Add component (AddParameter): Name = "Pin Count"; Value = "4"; VariantName = "[No Variations]"
Add component (AddParameter): Name = "Price"; Value = "None"; VariantName = "[No Variations]"
Add component (AddParameter): Name = "Source"; Value = "TSW-104-06-L-S.SchLib"; VariantName = "[No Variations]"
Add component (AddParameter): Name = "Value"; Value = ""; VariantName = "[No Variations]"
Added Pin To Net: NetName=V33 Pin=J3-01
Added Pin To Net: NetName=SCL Pin=J3-02
Added Pin To Net: NetName=SDA Pin=J3-03
Added Pin To Net: NetName=GND Pin=J3-04
