Removed Pin From Net: NetName=NetDS2_2 Pin=DS3-1
Change Component Footprint: Designator=P2 Old Footprint=61300211121 New Footprint=61300211121
Change Component Footprint: Designator=P3 Old Footprint=61300211121 New Footprint=61300211121
Change Component Footprint: Designator=P0 Old Footprint=61300411121 New Footprint=61300411121
Change Component Footprint: Designator=P1 Old Footprint=61300411121 New Footprint=61300411121
Change Component Footprint: Designator=D4 Old Footprint=FP-MA02A-MFG New Footprint=FP-MA02A-MFG
Change Component Footprint: Designator=D_3V3 Old Footprint=FP-MA02A-MFG New Footprint=FP-MA02A-MFG
Change Component Footprint: Designator=C11 Old Footprint=FP-TAJA-MFG New Footprint=FP-TAJA-MFG
Change Component Designator: OldDesignator=R_LED_1 NewDesignator=DBL_1
Change Component Designator: OldDesignator=R_LED_2 NewDesignator=DBL_2
Change Component Designator: OldDesignator=R_LED_3 NewDesignator=DBL_3
Change Component Designator: OldDesignator=R_LED_4 NewDesignator=DBL_4
Change Component Designator: OldDesignator=R_LED_5 NewDesignator=DBL_5
Change Component Designator: OldDesignator=R_LED_6 NewDesignator=DBL_6
Change Component Designator: OldDesignator=R_LED_7 NewDesignator=DBL_7
Change Component Designator: OldDesignator=R_LED_8 NewDesignator=DBL_8
Added Component: Designator=R_BT(RESC2013X60X35NL10T20)
Add component (AddParameter): Name = "ComponentLink1Description"; Value = "Manufacturer URL"; VariantName = "[No Variations]"
Add component (AddParameter): Name = "ComponentLink1URL"; Value = "http://www.yageo.com/"; VariantName = "[No Variations]"
Add component (AddParameter): Name = "ComponentLink2Description"; Value = "Datasheet"; VariantName = "[No Variations]"
Add component (AddParameter): Name = "ComponentLink2URL"; Value = "http://www.yageo.com/documents/recent/PYu-RC_Group_51_RoHS_L_04.pdf"; VariantName = "[No Variations]"
Add component (AddParameter): Name = "DatasheetVersion"; Value = "Rev. 4, 02/2016"; VariantName = "[No Variations]"
Add component (AddParameter): Name = "Height"; Value = "0.5 mm"; VariantName = "[No Variations]"
Add component (AddParameter): Name = "Length"; Value = "2 mm"; VariantName = "[No Variations]"
Add component (AddParameter): Name = "Manufacturer"; Value = "Yageo"; VariantName = "[No Variations]"
Add component (AddParameter): Name = "Max Operating Temperature"; Value = "155 degC"; VariantName = "[No Variations]"
Add component (AddParameter): Name = "Min Operating Temperature"; Value = "-55 degC"; VariantName = "[No Variations]"
Add component (AddParameter): Name = "Mount"; Value = "Surface Mount"; VariantName = "[No Variations]"
Add component (AddParameter): Name = "Mounting Technology"; Value = "Surface Mount"; VariantName = "[No Variations]"
Add component (AddParameter): Name = "Package Quantity"; Value = "200"; VariantName = "[No Variations]"
Add component (AddParameter): Name = "PackageDescription"; Value = "2-Pin Surface Mounted Device, Body 2 x 1.25 mm"; VariantName = "[No Variations]"
Add component (AddParameter): Name = "PackageReference"; Value = "0805"; VariantName = "[No Variations]"
Add component (AddParameter): Name = "Packaging"; Value = "Tape and Reel"; VariantName = "[No Variations]"
Add component (AddParameter): Name = "Pins"; Value = "2"; VariantName = "[No Variations]"
Add component (AddParameter): Name = "REACH SVHC"; Value = "No SVHC"; VariantName = "[No Variations]"
Add component (AddParameter): Name = "RoHSCompliant"; Value = "true"; VariantName = "[No Variations]"
Add component (AddParameter): Name = "Voltage Rating"; Value = "150 V"; VariantName = "[No Variations]"
Added Component: Designator=R_IR?(RESC2013X50X30NL20T20)
Add component (AddParameter): Name = "Manufacturer"; Value = "Vishay Dale"; VariantName = "[No Variations]"
Add component (AddParameter): Name = "Part Number"; Value = "CRCW080510R0FKEA"; VariantName = "[No Variations]"
Added Component: Designator=SW_BT1(FP-1301_9316_24-MFG)
Add component (AddParameter): Name = "Case/Package"; Value = "SMD/SMT"; VariantName = "[No Variations]"
Add component (AddParameter): Name = "Depth"; Value = "10mm"; VariantName = "[No Variations]"
Add component (AddParameter): Name = "Length"; Value = "6mm"; VariantName = "[No Variations]"
Add component (AddParameter): Name = "Max Current Rating"; Value = "50mA"; VariantName = "[No Variations]"
Add component (AddParameter): Name = "Max Operating Temperature"; Value = "70°C"; VariantName = "[No Variations]"
Add component (AddParameter): Name = "Max Voltage Rating (DC)"; Value = "12V"; VariantName = "[No Variations]"
Add component (AddParameter): Name = "Mechanical Life"; Value = "100000Cycles"; VariantName = "[No Variations]"
Add component (AddParameter): Name = "Min Operating Temperature"; Value = "-20°C"; VariantName = "[No Variations]"
Add component (AddParameter): Name = "Mount"; Value = "Surface Mount"; VariantName = "[No Variations]"
Add component (AddParameter): Name = "Operating Force"; Value = "1.6N"; VariantName = "[No Variations]"
Add component (AddParameter): Name = "Orientation"; Value = "Straight"; VariantName = "[No Variations]"
Add component (AddParameter): Name = "Packaging"; Value = "Tape and Reel"; VariantName = "[No Variations]"
Add component (AddParameter): Name = "Radiation Hardening"; Value = "No"; VariantName = "[No Variations]"
Add component (AddParameter): Name = "RoHS Compliant"; Value = "Yes"; VariantName = "[No Variations]"
Add component (AddParameter): Name = "Termination"; Value = "Gull Wing"; VariantName = "[No Variations]"
Add component (AddParameter): Name = "Throw Configuration"; Value = "SPST"; VariantName = "[No Variations]"
Add component (AddParameter): Name = "Voltage Rating (DC)"; Value = "12V"; VariantName = "[No Variations]"
Added Pin To Net: NetName=VDD33 Pin=DS3-1
Added Pin To Net: NetName=GND Pin=R_BT-1
Added Pin To Net: NetName=NetQ2_2 Pin=R_IR?-1
Added Pin To Net: NetName=NetDS2_2 Pin=R_IR?-2
Added Pin To Net: NetName=VDD33 Pin=SW_BT1-2
Added Pin To Net: NetName=L_RV Pin=U1-8
Added Pin To Net: NetName=R_RV Pin=U1-9
Added Pin To Net: NetName=LF_RV Pin=U1-10
Added Pin To Net: NetName=RF_RV Pin=U1-11
Added Pin To Net: NetName=NetLabel23 Pin=U1-21
Added Pin To Net: NetName=LF_EM Pin=U1-24
Added Pin To Net: NetName=LR_EM Pin=U1-25
Added Pin To Net: NetName=RF_EM Pin=U1-37
Added Pin To Net: NetName=BUZZER Pin=U1-57
Change Net Name : Old Net Name=InterrupthMPU New Net Name=IRP MPU
Added Pin To Net: NetName=DBL_1 Pin=DBL_1-2
Added Pin To Net: NetName=DBL_1 Pin=U1-61
Added Net: Name=DBL_1
Added Pin To Net: NetName=DBL_2 Pin=DBL_2-2
Added Pin To Net: NetName=DBL_2 Pin=U1-62
Added Net: Name=DBL_2
Added Pin To Net: NetName=DBL_3 Pin=DBL_3-2
Added Pin To Net: NetName=DBL_3 Pin=U1-29
Added Net: Name=DBL_3
Added Pin To Net: NetName=DBL_4 Pin=DBL_4-2
Added Pin To Net: NetName=DBL_4 Pin=U1-30
Added Net: Name=DBL_4
Added Pin To Net: NetName=DBL_5 Pin=DBL_5-2
Added Pin To Net: NetName=DBL_5 Pin=U1-33
Added Net: Name=DBL_5
Added Pin To Net: NetName=DBL_6 Pin=DBL_6-2
Added Pin To Net: NetName=DBL_6 Pin=U1-34
Added Net: Name=DBL_6
Added Pin To Net: NetName=DBL_7 Pin=DBL_7-2
Added Pin To Net: NetName=DBL_7 Pin=U1-35
Added Net: Name=DBL_7
Added Pin To Net: NetName=DBL_8 Pin=DBL_8-2
Added Pin To Net: NetName=DBL_8 Pin=U1-36
Added Net: Name=DBL_8
Added Pin To Net: NetName=DEBUG Pin=R_BT-2
Added Pin To Net: NetName=DEBUG Pin=SW_BT1-3
Added Net: Name=DEBUG
Added Rule: Name=Schematic Supply Nets
Added Rule: Name=Schematic Supply Nets_1
Added Rule: Name=Schematic Supply Nets_2
Added Rule: Name=Schematic Supply Nets_3
