../Core/Src/controller.c:77:6:initController	8	static
../Core/Src/controller.c:92:6:resetEverything	4	static
../Core/Src/controller.c:134:6:set_mleft	16	static
../Core/Src/controller.c:144:6:set_mright	16	static
../Core/Src/controller.c:154:5:returnAcc	16	static
../Core/Src/controller.c:158:9:mm_to_counts	16	static
../Core/Src/controller.c:162:7:counts_to_mm	16	static
../Core/Src/controller.c:166:6:update_speed	4	static
../Core/Src/controller.c:200:6:update_angle_speed	4	static
../Core/Src/controller.c:212:6:calculate_motor_pwm	48	static
../Core/Src/controller.c:272:6:calculate_motor_pwm_turn_right	40	static
../Core/Src/controller.c:303:6:calculate_motor_pwm_turn_left	40	static
../Core/Src/controller.c:334:7:need_to_decelerate	24	static
../Core/Src/controller.c:348:6:speed_profile	8	static
../Core/Src/controller.c:353:7:pwm_buff	8	static
../Core/Src/controller.c:361:6:move_one_cell	24	static
../Core/Src/controller.c:412:6:turn_right	16	static
../Core/Src/controller.c:438:6:turn_left	16	static
../Core/Src/controller.c:462:6:wall_front_adjust	32	static
../Core/Src/controller.c:487:6:turn_90left	40	static
../Core/Src/controller.c:525:6:turn_90right	40	static
../Core/Src/controller.c:562:6:turn_180	40	static
