../Core/Src/controller.c:76:6:initController	8	static
../Core/Src/controller.c:91:6:resetEverything	4	static
../Core/Src/controller.c:133:6:set_mleft	16	static
../Core/Src/controller.c:143:6:set_mright	16	static
../Core/Src/controller.c:153:5:returnAcc	16	static
../Core/Src/controller.c:157:9:mm_to_counts	16	static
../Core/Src/controller.c:161:7:counts_to_mm	16	static
../Core/Src/controller.c:165:6:update_speed	4	static
../Core/Src/controller.c:199:6:update_angle_speed	4	static
../Core/Src/controller.c:212:6:calculate_motor_pwm	48	static
../Core/Src/controller.c:272:6:calculate_motor_pwm_turn_right	40	static
../Core/Src/controller.c:301:6:calculate_motor_pwm_turn_left	40	static
../Core/Src/controller.c:330:7:need_to_decelerate	24	static
../Core/Src/controller.c:344:6:speed_profile	8	static
../Core/Src/controller.c:349:9:pwm_buff	8	static
../Core/Src/controller.c:357:6:move_one_cell	24	static
../Core/Src/controller.c:408:6:turn_right	16	static
../Core/Src/controller.c:435:6:turn_left	16	static
../Core/Src/controller.c:460:6:wall_front_adjust	32	static
../Core/Src/controller.c:485:6:turn_90left	40	static
../Core/Src/controller.c:523:6:turn_90right	40	static
../Core/Src/controller.c:560:6:turn_180	40	static
