../Core/Src/main.c:73:5:_write	32	static
../Core/Src/main.c:86:6:init	8	static
../Core/Src/main.c:108:5:main	16	static
../Core/Src/main.c:226:6:SystemClock_Config	88	static
../Core/Src/main.c:269:13:MX_ADC1_Init	24	static
../Core/Src/main.c:342:13:MX_I2C2_Init	8	static
../Core/Src/main.c:374:13:MX_I2C3_Init	8	static
../Core/Src/main.c:406:13:MX_TIM2_Init	48	static
../Core/Src/main.c:465:13:MX_TIM3_Init	32	static
../Core/Src/main.c:507:13:MX_USART3_UART_Init	8	static
../Core/Src/main.c:536:13:MX_DMA_Init	16	static
../Core/Src/main.c:553:13:MX_GPIO_Init	48	static
../Core/Src/main.c:599:6:HAL_I2C_ErrorCallback	16	static
../Core/Src/main.c:605:6:HAL_I2C_MemRxCpltCallback	16	static
../Core/Src/main.c:631:6:HAL_TIM_PeriodElapsedCallback	16	static
../Core/Src/main.c:644:6:Error_Handler	4	static,ignoring_inline_asm
