../Core/Src/main.c:73:6:searchRun	14
../Core/Src/main.c:119:6:testRunStraigth	4
../Core/Src/main.c:137:6:run	21
../Core/Src/main.c:243:5:_write	4
../Core/Src/main.c:256:6:init	1
../Core/Src/main.c:278:5:main	1
../Core/Src/main.c:335:6:SystemClock_Config	3
../Core/Src/main.c:378:13:MX_ADC1_Init	6
../Core/Src/main.c:451:13:MX_I2C2_Init	2
../Core/Src/main.c:483:13:MX_I2C3_Init	2
../Core/Src/main.c:515:13:MX_TIM2_Init	7
../Core/Src/main.c:574:13:MX_TIM3_Init	4
../Core/Src/main.c:616:13:MX_USART3_UART_Init	2
../Core/Src/main.c:645:13:MX_DMA_Init	1
../Core/Src/main.c:662:13:MX_GPIO_Init	1
../Core/Src/main.c:708:6:HAL_I2C_ErrorCallback	3
../Core/Src/main.c:714:6:HAL_I2C_MemRxCpltCallback	7
../Core/Src/main.c:740:6:HAL_TIM_PeriodElapsedCallback	2
../Core/Src/main.c:755:6:Error_Handler	1
