../Core/Src/main.c:73:5:_write	32	static
../Core/Src/main.c:86:6:init	8	static
../Core/Src/main.c:108:5:main	16	static
../Core/Src/main.c:170:6:SystemClock_Config	88	static
../Core/Src/main.c:213:13:MX_ADC1_Init	24	static
../Core/Src/main.c:286:13:MX_I2C2_Init	8	static
../Core/Src/main.c:318:13:MX_I2C3_Init	8	static
../Core/Src/main.c:350:13:MX_TIM2_Init	48	static
../Core/Src/main.c:409:13:MX_TIM3_Init	32	static
../Core/Src/main.c:451:13:MX_USART3_UART_Init	8	static
../Core/Src/main.c:480:13:MX_DMA_Init	16	static
../Core/Src/main.c:497:13:MX_GPIO_Init	48	static
../Core/Src/main.c:543:6:HAL_I2C_ErrorCallback	16	static
../Core/Src/main.c:549:6:HAL_I2C_MemRxCpltCallback	16	static
../Core/Src/main.c:575:6:HAL_TIM_PeriodElapsedCallback	16	static
../Core/Src/main.c:587:6:Error_Handler	4	static,ignoring_inline_asm
