Removed Pin From Net: NetName=V33 Pin=BOOT0-2
Removed Pin From Net: NetName=VOUT5 Pin=C19-2
Removed Pin From Net: NetName=VOUT5 Pin=C20-1
Removed Pin From Net: NetName=V33 Pin=C24-1
Removed Pin From Net: NetName=V33 Pin=C_DB-1
Removed Pin From Net: NetName=V33 Pin=D4-1
Removed Pin From Net: NetName=V33 Pin=DEBUG-2
Removed Pin From Net: NetName=V33 Pin=DS5-1
Removed Pin From Net: NetName=RF_RV Pin=DS5-2
Removed Pin From Net: NetName=V33 Pin=DS6-1
Removed Pin From Net: NetName=L_RV Pin=DS6-2
Removed Pin From Net: NetName=V33 Pin=DS7-1
Removed Pin From Net: NetName=LF_RV Pin=DS7-2
Removed Pin From Net: NetName=V33 Pin=DS8-1
Removed Pin From Net: NetName=R_RV Pin=DS8-2
Removed Pin From Net: NetName=V33 Pin=J3-01
Removed Pin From Net: NetName=V33 Pin=J3_A-05
Removed Pin From Net: NetName=V33 Pin=J3_B-05
Removed Pin From Net: NetName=V33 Pin=LS1-2
Removed Pin From Net: NetName=VDD33_OUT Pin=P4-1
Removed Pin From Net: NetName=VDD33 Pin=P4-2
Removed Pin From Net: NetName=DEBUG Pin=U1-4
Removed Pin From Net: NetName=L_RV Pin=U1-8
Removed Pin From Net: NetName=IN1 Pin=U1-14
Removed Pin From Net: NetName=IN2 Pin=U1-15
Removed Pin From Net: NetName=IN3 Pin=U1-16
Removed Pin From Net: NetName=IN4 Pin=U1-17
Removed Pin From Net: NetName=RF_RV Pin=U1-38
Removed Pin From Net: NetName=R_RV Pin=U1-39
Removed Pin From Net: NetName=OUT_enB Pin=U1-51
Removed Pin From Net: NetName=OUT_enA Pin=U1-52
Removed Pin From Net: NetName=VOUT5 Pin=U5-12
Removed Pin From Net: NetName=V33 Pin=U6-2
Removed Pin From Net: NetName=V33 Pin=U6-4
Change Component Footprint: Designator=P4 Old Footprint=61300411121 New Footprint=SMTC-TSW-106-07-X-S
Change Component Comment : Designator=P4 Old Comment=2.54 New Comment=TSW-106-07-G-S
Change Component Designator: OldDesignator=BOOT0 NewDesignator=DEBUG_2
Change Component Designator: OldDesignator=C_DB NewDesignator=C_DB1
Change Component Designator: OldDesignator=DEBUG NewDesignator=DEBUG_1
Change Component Designator: OldDesignator=R9 NewDesignator=RB1
Change Component Designator: OldDesignator=R_BT0_2 NewDesignator=R_BT02
Change Component Designator: OldDesignator=R_BT NewDesignator=R_BT1
Change Managed Component Library Link : Designator=P4 Old VaultGUID=B7D15EC3-160A-466F-A46C-7801FE6295A7 New VaultGUID=B7D15EC3-160A-466F-A46C-7801FE6295A7 Old ItemGUID=6366F00F-2F5E-49CA-A393-A6C3EB69613C New ItemGUID=D0F88F43-E0D5-46FC-AB93-B31F402A3192 Old RevisionGUID=C6D43FC7-CDCA-407E-97C0-23478C5E6237 New RevisionGUID=428DE79A-B51D-446B-BD56-90A6F1907645
Change component parameters: Designator = "P4" ("P4"); Footprint = "61300411121"; UniqueID = "\EYPZQKOZ" ("\EYPZQKOZ")
Change component parameters (AddParameter): Name = "ComponentLink1Description"; Value = "Manufacturer URL"; VariantName = "[No Variations]"
Change component parameters (AddParameter): Name = "ComponentLink1URL"; Value = "http://www.samtec.com"; VariantName = "[No Variations]"
Change component parameters (AddParameter): Name = "ComponentLink2Description"; Value = "Datasheet"; VariantName = "[No Variations]"
Change component parameters (AddParameter): Name = "ComponentLink2URL"; Value = "http://www.samtec.com/documents/webfiles/pdf/TSW_TH.PDF"; VariantName = "[No Variations]"
Change component parameters (AddParameter): Name = "ComponentLink3Description"; Value = "Package Specification"; VariantName = "[No Variations]"
Change component parameters (AddParameter): Name = "ComponentLink3URL"; Value = "http://www.samtec.com/documents/webfiles/cpdf/TSW-XXX-XX-XXX-X-XX-XXX-MKT.pdf"; VariantName = "[No Variations]"
Change component parameters (AddParameter): Name = "DatasheetVersion"; Value = "F-214"; VariantName = "[No Variations]"
Change component parameters (AddParameter): Name = "Manufacturer"; Value = "Samtec"; VariantName = "[No Variations]"
Change component parameters (AddParameter): Name = "Mounting Technology"; Value = "Through-hole"; VariantName = "[No Variations]"
Change component parameters (AddParameter): Name = "Orientation"; Value = "Vertical"; VariantName = "[No Variations]"
Change component parameters (AddParameter): Name = "PackageDescription"; Value = ".025[0.64] SQ. Post Terminal Strip Assembly"; VariantName = "[No Variations]"
Change component parameters (AddParameter): Name = "PackageReference"; Value = "TSW-106-07-X-S"; VariantName = "[No Variations]"
Change component parameters (AddParameter): Name = "PackageVersion"; Value = "DM, 8/1988"; VariantName = "[No Variations]"
Change component parameters (AddParameter): Name = "PartNumber"; Value = "TSW-106-07-G-S"; VariantName = "[No Variations]"
Change component parameters (AddParameter): Name = "Pitch"; Value = "2.54 mm"; VariantName = "[No Variations]"
Change component parameters (AddParameter): Name = "RoHS"; Value = "True"; VariantName = "[No Variations]"
Change component parameters (AddParameter): Name = "Temperature Range"; Value = "-55 to 125 degC"; VariantName = "[No Variations]"
Added Component: Designator=C_DB2(FP-CL10-IPC_C)
Add component (AddParameter): Name = "Capacitance"; Value = "100nF"; VariantName = "[No Variations]"
Add component (AddParameter): Name = "Case Code (Imperial)"; Value = "0603"; VariantName = "[No Variations]"
Add component (AddParameter): Name = "Case Code (Metric)"; Value = "1608"; VariantName = "[No Variations]"
Add component (AddParameter): Name = "Case/Package"; Value = "0603"; VariantName = "[No Variations]"
Add component (AddParameter): Name = "Depth"; Value = "0.8mm"; VariantName = "[No Variations]"
Add component (AddParameter): Name = "Dielectric"; Value = "X7R"; VariantName = "[No Variations]"
Add component (AddParameter): Name = "Height"; Value = "0.8mm"; VariantName = "[No Variations]"
Add component (AddParameter): Name = "Length"; Value = "1.6mm"; VariantName = "[No Variations]"
Add component (AddParameter): Name = "Max Operating Temperature"; Value = "125°C"; VariantName = "[No Variations]"
Add component (AddParameter): Name = "Min Operating Temperature"; Value = "-55°C"; VariantName = "[No Variations]"
Add component (AddParameter): Name = "Mount"; Value = "Surface Mount"; VariantName = "[No Variations]"
Add component (AddParameter): Name = "Packaging"; Value = "Tape and Reel"; VariantName = "[No Variations]"
Add component (AddParameter): Name = "Radiation Hardening"; Value = "No"; VariantName = "[No Variations]"
Add component (AddParameter): Name = "Thickness"; Value = "0.035inch"; VariantName = "[No Variations]"
Add component (AddParameter): Name = "Tolerance"; Value = "10%"; VariantName = "[No Variations]"
Add component (AddParameter): Name = "Voltage Rating"; Value = "25V"; VariantName = "[No Variations]"
Add component (AddParameter): Name = "Width"; Value = "0.031inch"; VariantName = "[No Variations]"
Add component: Footprint Not Found RESC2013X70X40ML20T20
Add component: Footprint Not Found RESC2013X70X40ML20T20
Add component: Footprint Not Found RESC2013X70X40ML20T20
Added Component: Designator=RB0(FP-RC3216-IPC_C)
Add component (AddParameter): Name = "Case Code (Imperial)"; Value = "1206"; VariantName = "[No Variations]"
Add component (AddParameter): Name = "Case Code (Metric)"; Value = "3216"; VariantName = "[No Variations]"
Add component (AddParameter): Name = "Case/Package"; Value = "1206"; VariantName = "[No Variations]"
Add component (AddParameter): Name = "Composition"; Value = "Thick Film"; VariantName = "[No Variations]"
Add component (AddParameter): Name = "Contact Plating"; Value = "Tin"; VariantName = "[No Variations]"
Add component (AddParameter): Name = "Depth"; Value = "1.6mm"; VariantName = "[No Variations]"
Add component (AddParameter): Name = "Features"; Value = "Moisture Resistant"; VariantName = "[No Variations]"
Add component (AddParameter): Name = "Height"; Value = "0.026inch"; VariantName = "[No Variations]"
Add component (AddParameter): Name = "Lead Free"; Value = "Lead Free"; VariantName = "[No Variations]"
Add component (AddParameter): Name = "Length"; Value = "0.126inch"; VariantName = "[No Variations]"
Add component (AddParameter): Name = "Max Operating Temperature"; Value = "155°C"; VariantName = "[No Variations]"
Add component (AddParameter): Name = "Max Power Dissipation"; Value = "250mW"; VariantName = "[No Variations]"
Add component (AddParameter): Name = "Military Standard"; Value = "Not"; VariantName = "[No Variations]"
Add component (AddParameter): Name = "Min Operating Temperature"; Value = "-55°C"; VariantName = "[No Variations]"
Add component (AddParameter): Name = "Number of Terminations"; Value = "2"; VariantName = "[No Variations]"
Add component (AddParameter): Name = "Packaging"; Value = "Tape and Reel"; VariantName = "[No Variations]"
Add component (AddParameter): Name = "Radiation Hardening"; Value = "No"; VariantName = "[No Variations]"
Add component (AddParameter): Name = "Resistance"; Value = "10kR"; VariantName = "[No Variations]"
Add component (AddParameter): Name = "Temperature Coefficient"; Value = "100ppm/°C"; VariantName = "[No Variations]"
Add component (AddParameter): Name = "Tolerance"; Value = "5%"; VariantName = "[No Variations]"
Add component (AddParameter): Name = "Voltage Rating (DC)"; Value = "200V"; VariantName = "[No Variations]"
Add component (AddParameter): Name = "Width"; Value = "0.063inch"; VariantName = "[No Variations]"
Added Pin To Net: NetName=RF_RV Pin=DS5-1
Added Pin To Net: NetName=L_RV Pin=DS6-1
Added Pin To Net: NetName=LF_RV Pin=DS7-1
Added Pin To Net: NetName=R_RV Pin=DS8-1
Added Pin To Net: NetName=VIN74 Pin=P4-2
Added Pin To Net: NetName=VOUT5 Pin=P4-4
Added Pin To Net: NetName=VDD33 Pin=P4-5
Added Pin To Net: NetName=VDD33_OUT Pin=P4-6
Add Pin To Net: Unknown Pin: Pin R3-1
Add Pin To Net: Unknown Pin: Pin R3-2
Add Pin To Net: Unknown Pin: Pin R10-1
Add Pin To Net: Unknown Pin: Pin R10-2
Add Pin To Net: Unknown Pin: Pin R13-1
Added Pin To Net: NetName=GND Pin=RB0-1
Added Pin To Net: NetName=OUT_enA Pin=U1-8
Added Pin To Net: NetName=OUT_enB Pin=U1-9
Added Pin To Net: NetName=RF_RV Pin=U1-14
Added Pin To Net: NetName=LF_RV Pin=U1-15
Added Pin To Net: NetName=R_RV Pin=U1-16
Added Pin To Net: NetName=L_RV Pin=U1-17
Added Pin To Net: NetName=DEBUG Pin=U1-33
Added Pin To Net: NetName=IN1 Pin=U1-38
Added Pin To Net: NetName=IN2 Pin=U1-39
Added Pin To Net: NetName=IN3 Pin=U1-51
Added Pin To Net: NetName=IN4 Pin=U1-52
Change Net Name : Old Net Name=DEBUG New Net Name=DEBUG_1
Change Net Name : Old Net Name=V33 New Net Name=VOUT33
Added Pin To Net: NetName=DEBUG_2 Pin=C_DB2-2
Added Pin To Net: NetName=DEBUG_2 Pin=DEBUG_2-1
Added Pin To Net: NetName=DEBUG_2 Pin=R_BT02-2
Added Pin To Net: NetName=DEBUG_2 Pin=U1-34
Added Net: Name=DEBUG_2
Added Pin To Net: NetName=NetRB0_2 Pin=RB0-2
Added Pin To Net: NetName=NetRB0_2 Pin=U1-60
Added Net: Name=NetRB0_2
Added Pin To Net: NetName=V33 Pin=C24-1
Added Pin To Net: NetName=V33 Pin=C_DB1-1
Added Pin To Net: NetName=V33 Pin=C_DB2-1
Added Pin To Net: NetName=V33 Pin=D4-1
Added Pin To Net: NetName=V33 Pin=DEBUG_1-2
Added Pin To Net: NetName=V33 Pin=DEBUG_2-2
Added Pin To Net: NetName=V33 Pin=DS5-2
Added Pin To Net: NetName=V33 Pin=DS6-2
Added Pin To Net: NetName=V33 Pin=DS7-2
Added Pin To Net: NetName=V33 Pin=DS8-2
Added Pin To Net: NetName=V33 Pin=J3-01
Added Pin To Net: NetName=V33 Pin=J3_A-05
Added Pin To Net: NetName=V33 Pin=J3_B-05
Added Pin To Net: NetName=V33 Pin=LS1-2
Added Pin To Net: NetName=V33 Pin=U6-2
Added Pin To Net: NetName=V33 Pin=U6-4
Added Net: Name=V33
Added Pin To Net: NetName=VM Pin=C19-2
Added Pin To Net: NetName=VM Pin=C20-1
Added Pin To Net: NetName=VM Pin=P4-1
Added Pin To Net: NetName=VM Pin=P4-3
Added Pin To Net: NetName=VM Pin=U5-12
Added Net: Name=VM
Added Rule: Name=Schematic Supply Nets_7
Added Rule: Name=Schematic Supply Nets_8
