Add component: Footprint Not Found CAPC0805(2012)145_L
Add component: Footprint Not Found CAPC0805(2012)145_L
Add component: Footprint Not Found CAPC0805(2012)145_L
Add component: Footprint Not Found SAMTEC_TSW-102-07-G-S
Add component: Footprint Not Found SAMTEC_TSW-102-07-G-S
Add component: Footprint Not Found RESC2013X70X40ML20T20
Add component: Footprint Not Found RESC2013X70X40ML20T20
Add component: Footprint Not Found RESC2013X70X40ML20T20
Add component: Footprint Not Found RESC2013X70X40ML20T20
Add component: Footprint Not Found RESC2013X70X40ML20T20
Add component: Footprint Not Found RESC2013X70X40ML20T20
Add Pin To Net: Unknown Pin: Pin C_IR1-1
Add Pin To Net: Unknown Pin: Pin C_IR1-2
Add Pin To Net: Unknown Pin: Pin C_IR3-1
Add Pin To Net: Unknown Pin: Pin C_IR3-2
Add Pin To Net: Unknown Pin: Pin C_IR6-1
Add Pin To Net: Unknown Pin: Pin C_IR6-2
Add Pin To Net: Unknown Pin: Pin J1-01
Add Pin To Net: Unknown Pin: Pin J1-02
Add Pin To Net: Unknown Pin: Pin J2-01
Add Pin To Net: Unknown Pin: Pin J2-02
Add Pin To Net: Unknown Pin: Pin LP1-1
Add Pin To Net: Unknown Pin: Pin LP1-2
Add Pin To Net: Unknown Pin: Pin LP2-1
Add Pin To Net: Unknown Pin: Pin LP2-2
Add Pin To Net: Unknown Pin: Pin LP3-1
Add Pin To Net: Unknown Pin: Pin LP3-2
Add Pin To Net: Unknown Pin: Pin LP4-1
Add Pin To Net: Unknown Pin: Pin LP4-2
Add Pin To Net: Unknown Pin: Pin R_DBL_1-1
Add Pin To Net: Unknown Pin: Pin R_DBL_1-2
Add Pin To Net: Unknown Pin: Pin R_DBL_2-1
Add Pin To Net: Unknown Pin: Pin R_DBL_2-2
