../Core/Src/Algorithm.c:39:6:updateMaze	16	static
../Core/Src/Algorithm.c:121:5:xyToSquare	0	static
../Core/Src/Algorithm.c:125:19:squareToCoord	0	static
../Core/Src/Algorithm.c:132:6:resetDistances	4	static
../Core/Src/Algorithm.c:19:6:initialize	8	static
../Core/Src/Algorithm.c:161:5:isWallInDirection	0	static
../Core/Src/Algorithm.c:183:6:updateDistances	24	static
../Core/Src/Algorithm.c:222:6:updateHeading	0	static
../Core/Src/Algorithm.c:264:6:updatePosition	0	static
../Core/Src/Algorithm.c:307:8:floodFill	24	static
../Core/Src/Algorithm.c:287:8:solver	8	static
