../Core/Src/main.c:754:13:MX_GPIO_Init	64	static
../Core/Src/main.c:737:13:MX_DMA_Init	16	static
../Core/Src/main.c:84:6:HAL_TIM_PeriodElapsedCallback	8	static
../Core/Src/main.c:92:6:HAL_ADC_ConvCpltCallback	8	static
../Core/Src/main.c:99:6:test2	8	static
../Core/Src/main.c:196:6:Solver	8	static
../Core/Src/main.c:217:5:_write	8	static
../Core/Src/main.c:814:6:Error_Handler	0	static,ignoring_inline_asm
../Core/Src/main.c:490:13:MX_TIM1_Init	96	static
../Core/Src/main.c:573:13:MX_TIM2_Init	56	static
../Core/Src/main.c:620:13:MX_TIM3_Init	56	static
../Core/Src/main.c:390:13:MX_ADC1_Init	24	static
../Core/Src/main.c:666:13:MX_TIM4_Init	32	static
../Core/Src/main.c:708:13:MX_USART1_UART_Init	8	static
../Core/Src/main.c:458:13:MX_I2C2_Init	8	static
../Core/Src/main.c:347:6:SystemClock_Config	88	static
../Core/Src/main.c:237:5:main	16	static
