../Core/Src/main.c:754:13:MX_GPIO_Init	1
../Core/Src/main.c:737:13:MX_DMA_Init	1
../Core/Src/main.c:84:6:HAL_TIM_PeriodElapsedCallback	2
../Core/Src/main.c:92:6:HAL_ADC_ConvCpltCallback	2
../Core/Src/main.c:99:6:test2	7
../Core/Src/main.c:196:6:Solver	4
../Core/Src/main.c:217:5:_write	3
../Core/Src/main.c:814:6:Error_Handler	1
../Core/Src/main.c:490:13:MX_TIM1_Init	1
../Core/Src/main.c:573:13:MX_TIM2_Init	1
../Core/Src/main.c:620:13:MX_TIM3_Init	1
../Core/Src/main.c:390:13:MX_ADC1_Init	1
../Core/Src/main.c:666:13:MX_TIM4_Init	1
../Core/Src/main.c:708:13:MX_USART1_UART_Init	1
../Core/Src/main.c:458:13:MX_I2C2_Init	1
../Core/Src/main.c:347:6:SystemClock_Config	1
../Core/Src/main.c:237:5:main	2
