../Core/Src/Motor.c:19:6:Motor_Init	16	static
../Core/Src/Motor.c:30:6:Set_Motor_speed	0	static
../Core/Src/Motor.c:156:6:Motor_stop	8	static
../Core/Src/Motor.c:40:6:Move_to_middle	32	static
../Core/Src/Motor.c:88:6:Turn_left90	24	static
../Core/Src/Motor.c:121:6:Turn_right90	24	static
../Core/Src/Motor.c:161:6:Adjuster	8	static
../Core/Src/Motor.c:174:6:Move_onecell	32	static
../Core/Src/Motor.c:259:6:Back	8	static
../Core/Src/Motor.c:222:6:Turn_left90_2	32	static
../Core/Src/Motor.c:288:6:Turn_right90_2	32	static
