../Core/Src/Sensor.c:31:6:IR_init	16	static
../Core/Src/Sensor.c:45:6:read_ir_adc	24	static
../Core/Src/Sensor.c:91:6:ir_calibration	16	static
../Core/Src/Sensor.c:103:6:wall_front_calibration	16	static
../Core/Src/Sensor.c:145:8:check_wall_left	8	static
../Core/Src/Sensor.c:152:8:check_wall_right	8	static
../Core/Src/Sensor.c:114:7:wall_side_calibration	16	static
../Core/Src/Sensor.c:159:8:check_wall_frontL	8	static
../Core/Src/Sensor.c:166:8:check_wall_frontR	8	static
../Core/Src/Sensor.c:173:6:wall_calib_offset	16	static
